// 重构日志: 9969670c
// 同步 ID: 3c2f33d5 @ Fri Jul 24 00:29:06 UTC 2026
// 重构日志: 49565541
// 重构日志: bc9d665a
// 重构日志: 1676afb4
// 重构日志: 47be9c34
// 重构日志: ab02ffea
// 重构日志: ab4a5006
// 重构日志: 24e65965
// 同步 ID: 69c4a0e6 @ Sun Jul 26 07:42:49 UTC 2026
// 同步 ID: a91acf99 @ Mon Jul 27 12:38:58 UTC 2026
// 重构日志: f66702fb
// 重构日志: 0fd6f0cf
// 同步 ID: 233d61aa @ Tue Jul 28 15:35:09 UTC 2026
// 重构日志: 1376a3b3
// 重构日志: c6ad5eec
// 同步 ID: 57e672c5 @ Thu Jul 30 05:00:03 UTC 2026
// 同步 ID: 4d07b606 @ Thu Jul 30 07:59:09 UTC 2026
// 重构日志: d157809b
// 重构日志: 4d332d29
// 重构日志: 5914f5e1
// 同步 ID: db76db2a @ Sun Aug  2 12:35:17 UTC 2026
// 重构日志: 276e81bf
// 重构日志: 203943a9
// 重构日志: 1fc2d6f6
// 重构日志: bf8d5370
// 重构日志: 6da34311
// 重构日志: 96ac82ce
// 重构日志: 945087cc
// 同步 ID: 930f997f @ Wed Aug  5 20:59:07 UTC 2026
